{
  "version": "1.5.0",
  "plugins_used": [
    {
      "name": "ArtifactoryDetector"
    },
    {
      "name": "AWSKeyDetector"
    },
    {
      "name": "AzureStorageKeyDetector"
    },
    {
      "name": "Base64HighEntropyString",
      "limit": 4.5
    },
    {
      "name": "BasicAuthDetector"
    },
    {
      "name": "CloudantDetector"
    },
    {
      "name": "DiscordBotTokenDetector"
    },
    {
      "name": "GitHubTokenDetector"
    },
    {
      "name": "GitLabTokenDetector"
    },
    {
      "name": "HexHighEntropyString",
      "limit": 3.0
    },
    {
      "name": "IbmCloudIamDetector"
    },
    {
      "name": "IbmCosHmacDetector"
    },
    {
      "name": "IPPublicDetector"
    },
    {
      "name": "JwtTokenDetector"
    },
    {
      "name": "KeywordDetector",
      "keyword_exclude": ""
    },
    {
      "name": "MailchimpDetector"
    },
    {
      "name": "NpmDetector"
    },
    {
      "name": "OpenAIDetector"
    },
    {
      "name": "PrivateKeyDetector"
    },
    {
      "name": "PypiTokenDetector"
    },
    {
      "name": "SendGridDetector"
    },
    {
      "name": "SlackDetector"
    },
    {
      "name": "SoftlayerDetector"
    },
    {
      "name": "SquareOAuthDetector"
    },
    {
      "name": "StripeDetector"
    },
    {
      "name": "TelegramBotTokenDetector"
    },
    {
      "name": "TwilioKeyDetector"
    }
  ],
  "filters_used": [
    {
      "path": "detect_secrets.filters.allowlist.is_line_allowlisted"
    },
    {
      "path": "detect_secrets.filters.common.is_baseline_file",
      "filename": ".secrets.baseline"
    },
    {
      "path": "detect_secrets.filters.common.is_ignored_due_to_verification_policies",
      "min_level": 2
    },
    {
      "path": "detect_secrets.filters.heuristic.is_indirect_reference"
    },
    {
      "path": "detect_secrets.filters.heuristic.is_likely_id_string"
    },
    {
      "path": "detect_secrets.filters.heuristic.is_lock_file"
    },
    {
      "path": "detect_secrets.filters.heuristic.is_not_alphanumeric_string"
    },
    {
      "path": "detect_secrets.filters.heuristic.is_potential_uuid"
    },
    {
      "path": "detect_secrets.filters.heuristic.is_prefixed_with_dollar_sign"
    },
    {
      "path": "detect_secrets.filters.heuristic.is_sequential_string"
    },
    {
      "path": "detect_secrets.filters.heuristic.is_swagger_file"
    },
    {
      "path": "detect_secrets.filters.heuristic.is_templated_secret"
    },
    {
      "path": "detect_secrets.filters.regex.should_exclude_file",
      "pattern": [
        "^backend/content/"
      ]
    }
  ],
  "results": {
    "backend/.env.example": [
      {
        "type": "Basic Auth Credentials",
        "filename": "backend/.env.example",
        "hashed_secret": "400b4dffd5a226106ab8bc268976ac872554231e",
        "is_verified": false,
        "line_number": 2
      }
    ],
    "backend/src/database.py": [
      {
        "type": "Basic Auth Credentials",
        "filename": "backend/src/database.py",
        "hashed_secret": "400b4dffd5a226106ab8bc268976ac872554231e",
        "is_verified": false,
        "line_number": 28
      }
    ],
    "backend/tests/fixtures/creek_v1/manifest.json": [
      {
        "type": "Hex High Entropy String",
        "filename": "backend/tests/fixtures/creek_v1/manifest.json",
        "hashed_secret": "0568568126bc49285f6320e968d82f0877ddd5d9",
        "is_verified": false,
        "line_number": 9
      },
      {
        "type": "Hex High Entropy String",
        "filename": "backend/tests/fixtures/creek_v1/manifest.json",
        "hashed_secret": "718ae236e31515033d0dfeedd459706a2ff2d2a9",
        "is_verified": false,
        "line_number": 16
      },
      {
        "type": "Hex High Entropy String",
        "filename": "backend/tests/fixtures/creek_v1/manifest.json",
        "hashed_secret": "61232af5e0fac26b3e50feabaf0389a2d26bdff8",
        "is_verified": false,
        "line_number": 23
      },
      {
        "type": "Hex High Entropy String",
        "filename": "backend/tests/fixtures/creek_v1/manifest.json",
        "hashed_secret": "9e97f0d3d0d8b74679d3bbe5d044f1286cd614ec",
        "is_verified": false,
        "line_number": 30
      },
      {
        "type": "Hex High Entropy String",
        "filename": "backend/tests/fixtures/creek_v1/manifest.json",
        "hashed_secret": "73275626ecfb9f99b991585e538de06f8402293c",
        "is_verified": false,
        "line_number": 37
      },
      {
        "type": "Hex High Entropy String",
        "filename": "backend/tests/fixtures/creek_v1/manifest.json",
        "hashed_secret": "83c2e34eb37399522212b4e1a6b3b022618aa9d2",
        "is_verified": false,
        "line_number": 44
      },
      {
        "type": "Hex High Entropy String",
        "filename": "backend/tests/fixtures/creek_v1/manifest.json",
        "hashed_secret": "54991807deb694c3a4ee6c84077c21bdb70252bb",
        "is_verified": false,
        "line_number": 51
      },
      {
        "type": "Hex High Entropy String",
        "filename": "backend/tests/fixtures/creek_v1/manifest.json",
        "hashed_secret": "91826e2422b410d3c197d9d86f35ee04dd401066",
        "is_verified": false,
        "line_number": 65
      },
      {
        "type": "Hex High Entropy String",
        "filename": "backend/tests/fixtures/creek_v1/manifest.json",
        "hashed_secret": "a4129dde0758aa67505d19cb0e5b5e1e40b75c56",
        "is_verified": false,
        "line_number": 72
      },
      {
        "type": "Hex High Entropy String",
        "filename": "backend/tests/fixtures/creek_v1/manifest.json",
        "hashed_secret": "fa18ede47a282653671ae3180158856a306aab32",
        "is_verified": false,
        "line_number": 79
      },
      {
        "type": "Hex High Entropy String",
        "filename": "backend/tests/fixtures/creek_v1/manifest.json",
        "hashed_secret": "effebd18385b059a27af09e7ab4dca6f801d016e",
        "is_verified": false,
        "line_number": 86
      },
      {
        "type": "Hex High Entropy String",
        "filename": "backend/tests/fixtures/creek_v1/manifest.json",
        "hashed_secret": "e9fbaa556a8cafa9b1f6cd364155b8b61549f116",
        "is_verified": false,
        "line_number": 93
      },
      {
        "type": "Hex High Entropy String",
        "filename": "backend/tests/fixtures/creek_v1/manifest.json",
        "hashed_secret": "5fac56111267781fa7f5fda516993d614402369d",
        "is_verified": false,
        "line_number": 100
      },
      {
        "type": "Hex High Entropy String",
        "filename": "backend/tests/fixtures/creek_v1/manifest.json",
        "hashed_secret": "a976db01a068156ddb5062737c610b35a2036591",
        "is_verified": false,
        "line_number": 107
      },
      {
        "type": "Hex High Entropy String",
        "filename": "backend/tests/fixtures/creek_v1/manifest.json",
        "hashed_secret": "785a0b64e4741efc088205589b2632b8898933a6",
        "is_verified": false,
        "line_number": 114
      },
      {
        "type": "Hex High Entropy String",
        "filename": "backend/tests/fixtures/creek_v1/manifest.json",
        "hashed_secret": "39b9679e0e33db16fdd2c8263168c568da135754",
        "is_verified": false,
        "line_number": 121
      },
      {
        "type": "Hex High Entropy String",
        "filename": "backend/tests/fixtures/creek_v1/manifest.json",
        "hashed_secret": "9bf08eed7a572773aba1afa0586d281219fc32ac",
        "is_verified": false,
        "line_number": 128
      },
      {
        "type": "Hex High Entropy String",
        "filename": "backend/tests/fixtures/creek_v1/manifest.json",
        "hashed_secret": "6598a7f2684184a683ad99acce6a7955479ab9fb",
        "is_verified": false,
        "line_number": 135
      },
      {
        "type": "Hex High Entropy String",
        "filename": "backend/tests/fixtures/creek_v1/manifest.json",
        "hashed_secret": "6b59d3263726ed4aa4c96b585182df3eea53f824",
        "is_verified": false,
        "line_number": 142
      },
      {
        "type": "Hex High Entropy String",
        "filename": "backend/tests/fixtures/creek_v1/manifest.json",
        "hashed_secret": "fc4ad40801e13d8016432e866cab352fcaaab9b8",
        "is_verified": false,
        "line_number": 149
      },
      {
        "type": "Hex High Entropy String",
        "filename": "backend/tests/fixtures/creek_v1/manifest.json",
        "hashed_secret": "b4e6b210f503aaff86c01ede128d78b256d4d5de",
        "is_verified": false,
        "line_number": 163
      },
      {
        "type": "Hex High Entropy String",
        "filename": "backend/tests/fixtures/creek_v1/manifest.json",
        "hashed_secret": "0c64208660a49c0c9e8edf285c1b3375ec8992e0",
        "is_verified": false,
        "line_number": 170
      },
      {
        "type": "Hex High Entropy String",
        "filename": "backend/tests/fixtures/creek_v1/manifest.json",
        "hashed_secret": "36300709d27d4d3c1195c07b30915742c2c4c050",
        "is_verified": false,
        "line_number": 177
      },
      {
        "type": "Hex High Entropy String",
        "filename": "backend/tests/fixtures/creek_v1/manifest.json",
        "hashed_secret": "91055ff1ebc0bfe1be72e3e6b2574f6dc547cf75",
        "is_verified": false,
        "line_number": 184
      },
      {
        "type": "Hex High Entropy String",
        "filename": "backend/tests/fixtures/creek_v1/manifest.json",
        "hashed_secret": "09a593058f754500ce0fb001dcc02cc3d47a8b6b",
        "is_verified": false,
        "line_number": 191
      },
      {
        "type": "Hex High Entropy String",
        "filename": "backend/tests/fixtures/creek_v1/manifest.json",
        "hashed_secret": "598124719bc92bb3635b4939bcb6a3e653bc57df",
        "is_verified": false,
        "line_number": 198
      },
      {
        "type": "Hex High Entropy String",
        "filename": "backend/tests/fixtures/creek_v1/manifest.json",
        "hashed_secret": "c2c85f2c142f22c2c2847cc1fbf6b0cbc72066c3",
        "is_verified": false,
        "line_number": 212
      },
      {
        "type": "Hex High Entropy String",
        "filename": "backend/tests/fixtures/creek_v1/manifest.json",
        "hashed_secret": "a29d2df507cce91c6a6656cdb375156ba00fa4b1",
        "is_verified": false,
        "line_number": 219
      },
      {
        "type": "Hex High Entropy String",
        "filename": "backend/tests/fixtures/creek_v1/manifest.json",
        "hashed_secret": "0f71297fd0fbb88414735366e6eb551677a65804",
        "is_verified": false,
        "line_number": 226
      },
      {
        "type": "Hex High Entropy String",
        "filename": "backend/tests/fixtures/creek_v1/manifest.json",
        "hashed_secret": "f1f0befa5d11f5674c10095f08d29bb475e8d816",
        "is_verified": false,
        "line_number": 233
      },
      {
        "type": "Hex High Entropy String",
        "filename": "backend/tests/fixtures/creek_v1/manifest.json",
        "hashed_secret": "7cd1fe6247f29a064f91ee6cf3f70271de0247f6",
        "is_verified": false,
        "line_number": 240
      },
      {
        "type": "Hex High Entropy String",
        "filename": "backend/tests/fixtures/creek_v1/manifest.json",
        "hashed_secret": "14c9cdf5623a63179e244e5db6d0543afde74696",
        "is_verified": false,
        "line_number": 247
      },
      {
        "type": "Hex High Entropy String",
        "filename": "backend/tests/fixtures/creek_v1/manifest.json",
        "hashed_secret": "b3b0f46288f5a3829202407492263bf13d23e1c5",
        "is_verified": false,
        "line_number": 254
      },
      {
        "type": "Hex High Entropy String",
        "filename": "backend/tests/fixtures/creek_v1/manifest.json",
        "hashed_secret": "c4c3dafa5b162b958c5ab644e15e8ce5acbb63ae",
        "is_verified": false,
        "line_number": 261
      },
      {
        "type": "Hex High Entropy String",
        "filename": "backend/tests/fixtures/creek_v1/manifest.json",
        "hashed_secret": "357533bc7b59b0877f022f548116a4117f5945ff",
        "is_verified": false,
        "line_number": 268
      },
      {
        "type": "Hex High Entropy String",
        "filename": "backend/tests/fixtures/creek_v1/manifest.json",
        "hashed_secret": "77d99fdb98e123bc3067d9d27dfc42ddc7171da9",
        "is_verified": false,
        "line_number": 275
      },
      {
        "type": "Hex High Entropy String",
        "filename": "backend/tests/fixtures/creek_v1/manifest.json",
        "hashed_secret": "2f459628c2fea89a1eef0f1f7d897bb6bfe7b7a9",
        "is_verified": false,
        "line_number": 282
      },
      {
        "type": "Hex High Entropy String",
        "filename": "backend/tests/fixtures/creek_v1/manifest.json",
        "hashed_secret": "a6c761fb6320704e86012e53c35cf8ac4530d697",
        "is_verified": false,
        "line_number": 289
      },
      {
        "type": "Hex High Entropy String",
        "filename": "backend/tests/fixtures/creek_v1/manifest.json",
        "hashed_secret": "2e5ee195a222febb13419ab1b0b60f4013bc19d5",
        "is_verified": false,
        "line_number": 296
      },
      {
        "type": "Hex High Entropy String",
        "filename": "backend/tests/fixtures/creek_v1/manifest.json",
        "hashed_secret": "54a9d30a85171c2483d9ed427df4d7cc0779609f",
        "is_verified": false,
        "line_number": 303
      },
      {
        "type": "Hex High Entropy String",
        "filename": "backend/tests/fixtures/creek_v1/manifest.json",
        "hashed_secret": "0fd898c71fd8715c689dd0a6b7fdd87aa68518f9",
        "is_verified": false,
        "line_number": 310
      },
      {
        "type": "Hex High Entropy String",
        "filename": "backend/tests/fixtures/creek_v1/manifest.json",
        "hashed_secret": "14cb11dc43d68d6e3793cb29733b1072bd2e9086",
        "is_verified": false,
        "line_number": 317
      },
      {
        "type": "Hex High Entropy String",
        "filename": "backend/tests/fixtures/creek_v1/manifest.json",
        "hashed_secret": "fe1ec8a737e040db2fbd8b469b8dbfc4be34cf4c",
        "is_verified": false,
        "line_number": 324
      },
      {
        "type": "Hex High Entropy String",
        "filename": "backend/tests/fixtures/creek_v1/manifest.json",
        "hashed_secret": "9066a92d0f246a7d3ede1eb7104de79bf70ecc6f",
        "is_verified": false,
        "line_number": 331
      },
      {
        "type": "Hex High Entropy String",
        "filename": "backend/tests/fixtures/creek_v1/manifest.json",
        "hashed_secret": "2d33eaaeed25e67e5028595c33fb7b1302bc9b7b",
        "is_verified": false,
        "line_number": 338
      },
      {
        "type": "Hex High Entropy String",
        "filename": "backend/tests/fixtures/creek_v1/manifest.json",
        "hashed_secret": "5782a05e2674bc66e5cb6eab8f63e64a5a831953",
        "is_verified": false,
        "line_number": 345
      },
      {
        "type": "Hex High Entropy String",
        "filename": "backend/tests/fixtures/creek_v1/manifest.json",
        "hashed_secret": "e551851e5f18008a69ad92a954f33364b331d682",
        "is_verified": false,
        "line_number": 352
      },
      {
        "type": "Hex High Entropy String",
        "filename": "backend/tests/fixtures/creek_v1/manifest.json",
        "hashed_secret": "110a747f61580381251f235835e1ce9d0cd3159f",
        "is_verified": false,
        "line_number": 359
      },
      {
        "type": "Hex High Entropy String",
        "filename": "backend/tests/fixtures/creek_v1/manifest.json",
        "hashed_secret": "0be773b0f6021b13a72e84b9cadacee4aa71818b",
        "is_verified": false,
        "line_number": 366
      },
      {
        "type": "Hex High Entropy String",
        "filename": "backend/tests/fixtures/creek_v1/manifest.json",
        "hashed_secret": "f92ac9f67a94ea2c27eb07c7adb8c689c84a606e",
        "is_verified": false,
        "line_number": 373
      },
      {
        "type": "Hex High Entropy String",
        "filename": "backend/tests/fixtures/creek_v1/manifest.json",
        "hashed_secret": "0341dff256fa66a2bbac660259a44a6e2f444b9a",
        "is_verified": false,
        "line_number": 380
      }
    ],
    "backend/tests/fixtures/creek_v1/vendor.json": [
      {
        "type": "Hex High Entropy String",
        "filename": "backend/tests/fixtures/creek_v1/vendor.json",
        "hashed_secret": "1fa9bd34d0d6e3d08e2baf7e97df9752a582c9e0",
        "is_verified": false,
        "line_number": 7
      },
      {
        "type": "Hex High Entropy String",
        "filename": "backend/tests/fixtures/creek_v1/vendor.json",
        "hashed_secret": "0568568126bc49285f6320e968d82f0877ddd5d9",
        "is_verified": false,
        "line_number": 11
      },
      {
        "type": "Hex High Entropy String",
        "filename": "backend/tests/fixtures/creek_v1/vendor.json",
        "hashed_secret": "718ae236e31515033d0dfeedd459706a2ff2d2a9",
        "is_verified": false,
        "line_number": 15
      },
      {
        "type": "Hex High Entropy String",
        "filename": "backend/tests/fixtures/creek_v1/vendor.json",
        "hashed_secret": "61232af5e0fac26b3e50feabaf0389a2d26bdff8",
        "is_verified": false,
        "line_number": 19
      },
      {
        "type": "Hex High Entropy String",
        "filename": "backend/tests/fixtures/creek_v1/vendor.json",
        "hashed_secret": "9e97f0d3d0d8b74679d3bbe5d044f1286cd614ec",
        "is_verified": false,
        "line_number": 23
      },
      {
        "type": "Hex High Entropy String",
        "filename": "backend/tests/fixtures/creek_v1/vendor.json",
        "hashed_secret": "73275626ecfb9f99b991585e538de06f8402293c",
        "is_verified": false,
        "line_number": 27
      },
      {
        "type": "Hex High Entropy String",
        "filename": "backend/tests/fixtures/creek_v1/vendor.json",
        "hashed_secret": "83c2e34eb37399522212b4e1a6b3b022618aa9d2",
        "is_verified": false,
        "line_number": 31
      },
      {
        "type": "Hex High Entropy String",
        "filename": "backend/tests/fixtures/creek_v1/vendor.json",
        "hashed_secret": "54991807deb694c3a4ee6c84077c21bdb70252bb",
        "is_verified": false,
        "line_number": 35
      },
      {
        "type": "Hex High Entropy String",
        "filename": "backend/tests/fixtures/creek_v1/vendor.json",
        "hashed_secret": "91826e2422b410d3c197d9d86f35ee04dd401066",
        "is_verified": false,
        "line_number": 43
      },
      {
        "type": "Hex High Entropy String",
        "filename": "backend/tests/fixtures/creek_v1/vendor.json",
        "hashed_secret": "a4129dde0758aa67505d19cb0e5b5e1e40b75c56",
        "is_verified": false,
        "line_number": 47
      },
      {
        "type": "Hex High Entropy String",
        "filename": "backend/tests/fixtures/creek_v1/vendor.json",
        "hashed_secret": "fa18ede47a282653671ae3180158856a306aab32",
        "is_verified": false,
        "line_number": 51
      },
      {
        "type": "Hex High Entropy String",
        "filename": "backend/tests/fixtures/creek_v1/vendor.json",
        "hashed_secret": "effebd18385b059a27af09e7ab4dca6f801d016e",
        "is_verified": false,
        "line_number": 55
      },
      {
        "type": "Hex High Entropy String",
        "filename": "backend/tests/fixtures/creek_v1/vendor.json",
        "hashed_secret": "e9fbaa556a8cafa9b1f6cd364155b8b61549f116",
        "is_verified": false,
        "line_number": 59
      },
      {
        "type": "Hex High Entropy String",
        "filename": "backend/tests/fixtures/creek_v1/vendor.json",
        "hashed_secret": "5fac56111267781fa7f5fda516993d614402369d",
        "is_verified": false,
        "line_number": 63
      },
      {
        "type": "Hex High Entropy String",
        "filename": "backend/tests/fixtures/creek_v1/vendor.json",
        "hashed_secret": "a976db01a068156ddb5062737c610b35a2036591",
        "is_verified": false,
        "line_number": 67
      },
      {
        "type": "Hex High Entropy String",
        "filename": "backend/tests/fixtures/creek_v1/vendor.json",
        "hashed_secret": "785a0b64e4741efc088205589b2632b8898933a6",
        "is_verified": false,
        "line_number": 71
      },
      {
        "type": "Hex High Entropy String",
        "filename": "backend/tests/fixtures/creek_v1/vendor.json",
        "hashed_secret": "39b9679e0e33db16fdd2c8263168c568da135754",
        "is_verified": false,
        "line_number": 75
      },
      {
        "type": "Hex High Entropy String",
        "filename": "backend/tests/fixtures/creek_v1/vendor.json",
        "hashed_secret": "9bf08eed7a572773aba1afa0586d281219fc32ac",
        "is_verified": false,
        "line_number": 79
      },
      {
        "type": "Hex High Entropy String",
        "filename": "backend/tests/fixtures/creek_v1/vendor.json",
        "hashed_secret": "6598a7f2684184a683ad99acce6a7955479ab9fb",
        "is_verified": false,
        "line_number": 83
      },
      {
        "type": "Hex High Entropy String",
        "filename": "backend/tests/fixtures/creek_v1/vendor.json",
        "hashed_secret": "6b59d3263726ed4aa4c96b585182df3eea53f824",
        "is_verified": false,
        "line_number": 87
      },
      {
        "type": "Hex High Entropy String",
        "filename": "backend/tests/fixtures/creek_v1/vendor.json",
        "hashed_secret": "fc4ad40801e13d8016432e866cab352fcaaab9b8",
        "is_verified": false,
        "line_number": 91
      },
      {
        "type": "Hex High Entropy String",
        "filename": "backend/tests/fixtures/creek_v1/vendor.json",
        "hashed_secret": "b4e6b210f503aaff86c01ede128d78b256d4d5de",
        "is_verified": false,
        "line_number": 99
      },
      {
        "type": "Hex High Entropy String",
        "filename": "backend/tests/fixtures/creek_v1/vendor.json",
        "hashed_secret": "0c64208660a49c0c9e8edf285c1b3375ec8992e0",
        "is_verified": false,
        "line_number": 103
      },
      {
        "type": "Hex High Entropy String",
        "filename": "backend/tests/fixtures/creek_v1/vendor.json",
        "hashed_secret": "36300709d27d4d3c1195c07b30915742c2c4c050",
        "is_verified": false,
        "line_number": 107
      },
      {
        "type": "Hex High Entropy String",
        "filename": "backend/tests/fixtures/creek_v1/vendor.json",
        "hashed_secret": "91055ff1ebc0bfe1be72e3e6b2574f6dc547cf75",
        "is_verified": false,
        "line_number": 111
      },
      {
        "type": "Hex High Entropy String",
        "filename": "backend/tests/fixtures/creek_v1/vendor.json",
        "hashed_secret": "09a593058f754500ce0fb001dcc02cc3d47a8b6b",
        "is_verified": false,
        "line_number": 115
      },
      {
        "type": "Hex High Entropy String",
        "filename": "backend/tests/fixtures/creek_v1/vendor.json",
        "hashed_secret": "598124719bc92bb3635b4939bcb6a3e653bc57df",
        "is_verified": false,
        "line_number": 119
      },
      {
        "type": "Hex High Entropy String",
        "filename": "backend/tests/fixtures/creek_v1/vendor.json",
        "hashed_secret": "c2c85f2c142f22c2c2847cc1fbf6b0cbc72066c3",
        "is_verified": false,
        "line_number": 127
      },
      {
        "type": "Hex High Entropy String",
        "filename": "backend/tests/fixtures/creek_v1/vendor.json",
        "hashed_secret": "a29d2df507cce91c6a6656cdb375156ba00fa4b1",
        "is_verified": false,
        "line_number": 131
      },
      {
        "type": "Hex High Entropy String",
        "filename": "backend/tests/fixtures/creek_v1/vendor.json",
        "hashed_secret": "0f71297fd0fbb88414735366e6eb551677a65804",
        "is_verified": false,
        "line_number": 135
      },
      {
        "type": "Hex High Entropy String",
        "filename": "backend/tests/fixtures/creek_v1/vendor.json",
        "hashed_secret": "f1f0befa5d11f5674c10095f08d29bb475e8d816",
        "is_verified": false,
        "line_number": 139
      },
      {
        "type": "Hex High Entropy String",
        "filename": "backend/tests/fixtures/creek_v1/vendor.json",
        "hashed_secret": "7cd1fe6247f29a064f91ee6cf3f70271de0247f6",
        "is_verified": false,
        "line_number": 143
      },
      {
        "type": "Hex High Entropy String",
        "filename": "backend/tests/fixtures/creek_v1/vendor.json",
        "hashed_secret": "14c9cdf5623a63179e244e5db6d0543afde74696",
        "is_verified": false,
        "line_number": 147
      },
      {
        "type": "Hex High Entropy String",
        "filename": "backend/tests/fixtures/creek_v1/vendor.json",
        "hashed_secret": "cb7773679ecd952a3a3f54e167afa9ba29180528",
        "is_verified": false,
        "line_number": 151
      },
      {
        "type": "Hex High Entropy String",
        "filename": "backend/tests/fixtures/creek_v1/vendor.json",
        "hashed_secret": "b3b0f46288f5a3829202407492263bf13d23e1c5",
        "is_verified": false,
        "line_number": 155
      },
      {
        "type": "Hex High Entropy String",
        "filename": "backend/tests/fixtures/creek_v1/vendor.json",
        "hashed_secret": "c4c3dafa5b162b958c5ab644e15e8ce5acbb63ae",
        "is_verified": false,
        "line_number": 159
      },
      {
        "type": "Hex High Entropy String",
        "filename": "backend/tests/fixtures/creek_v1/vendor.json",
        "hashed_secret": "357533bc7b59b0877f022f548116a4117f5945ff",
        "is_verified": false,
        "line_number": 163
      },
      {
        "type": "Hex High Entropy String",
        "filename": "backend/tests/fixtures/creek_v1/vendor.json",
        "hashed_secret": "77d99fdb98e123bc3067d9d27dfc42ddc7171da9",
        "is_verified": false,
        "line_number": 167
      },
      {
        "type": "Hex High Entropy String",
        "filename": "backend/tests/fixtures/creek_v1/vendor.json",
        "hashed_secret": "2f459628c2fea89a1eef0f1f7d897bb6bfe7b7a9",
        "is_verified": false,
        "line_number": 171
      },
      {
        "type": "Hex High Entropy String",
        "filename": "backend/tests/fixtures/creek_v1/vendor.json",
        "hashed_secret": "a6c761fb6320704e86012e53c35cf8ac4530d697",
        "is_verified": false,
        "line_number": 175
      },
      {
        "type": "Hex High Entropy String",
        "filename": "backend/tests/fixtures/creek_v1/vendor.json",
        "hashed_secret": "2e5ee195a222febb13419ab1b0b60f4013bc19d5",
        "is_verified": false,
        "line_number": 179
      },
      {
        "type": "Hex High Entropy String",
        "filename": "backend/tests/fixtures/creek_v1/vendor.json",
        "hashed_secret": "54a9d30a85171c2483d9ed427df4d7cc0779609f",
        "is_verified": false,
        "line_number": 183
      },
      {
        "type": "Hex High Entropy String",
        "filename": "backend/tests/fixtures/creek_v1/vendor.json",
        "hashed_secret": "0fd898c71fd8715c689dd0a6b7fdd87aa68518f9",
        "is_verified": false,
        "line_number": 187
      },
      {
        "type": "Hex High Entropy String",
        "filename": "backend/tests/fixtures/creek_v1/vendor.json",
        "hashed_secret": "14cb11dc43d68d6e3793cb29733b1072bd2e9086",
        "is_verified": false,
        "line_number": 191
      },
      {
        "type": "Hex High Entropy String",
        "filename": "backend/tests/fixtures/creek_v1/vendor.json",
        "hashed_secret": "fe1ec8a737e040db2fbd8b469b8dbfc4be34cf4c",
        "is_verified": false,
        "line_number": 195
      },
      {
        "type": "Hex High Entropy String",
        "filename": "backend/tests/fixtures/creek_v1/vendor.json",
        "hashed_secret": "9066a92d0f246a7d3ede1eb7104de79bf70ecc6f",
        "is_verified": false,
        "line_number": 199
      },
      {
        "type": "Hex High Entropy String",
        "filename": "backend/tests/fixtures/creek_v1/vendor.json",
        "hashed_secret": "2d33eaaeed25e67e5028595c33fb7b1302bc9b7b",
        "is_verified": false,
        "line_number": 203
      },
      {
        "type": "Hex High Entropy String",
        "filename": "backend/tests/fixtures/creek_v1/vendor.json",
        "hashed_secret": "5782a05e2674bc66e5cb6eab8f63e64a5a831953",
        "is_verified": false,
        "line_number": 207
      },
      {
        "type": "Hex High Entropy String",
        "filename": "backend/tests/fixtures/creek_v1/vendor.json",
        "hashed_secret": "e551851e5f18008a69ad92a954f33364b331d682",
        "is_verified": false,
        "line_number": 211
      },
      {
        "type": "Hex High Entropy String",
        "filename": "backend/tests/fixtures/creek_v1/vendor.json",
        "hashed_secret": "110a747f61580381251f235835e1ce9d0cd3159f",
        "is_verified": false,
        "line_number": 215
      },
      {
        "type": "Hex High Entropy String",
        "filename": "backend/tests/fixtures/creek_v1/vendor.json",
        "hashed_secret": "0be773b0f6021b13a72e84b9cadacee4aa71818b",
        "is_verified": false,
        "line_number": 219
      },
      {
        "type": "Hex High Entropy String",
        "filename": "backend/tests/fixtures/creek_v1/vendor.json",
        "hashed_secret": "f92ac9f67a94ea2c27eb07c7adb8c689c84a606e",
        "is_verified": false,
        "line_number": 223
      },
      {
        "type": "Hex High Entropy String",
        "filename": "backend/tests/fixtures/creek_v1/vendor.json",
        "hashed_secret": "0341dff256fa66a2bbac660259a44a6e2f444b9a",
        "is_verified": false,
        "line_number": 227
      },
      {
        "type": "Hex High Entropy String",
        "filename": "backend/tests/fixtures/creek_v1/vendor.json",
        "hashed_secret": "9defc8e0248c2c8276f296931aea88e2dec92f54",
        "is_verified": false,
        "line_number": 232
      }
    ],
    "backend/tests/test_database.py": [
      {
        "type": "Basic Auth Credentials",
        "filename": "backend/tests/test_database.py",
        "hashed_secret": "9d4e1e23bd5b727046a9e3b4b7db57bd8d6ee684",
        "is_verified": false,
        "line_number": 50
      }
    ],
    "prompts/github-issues/phase-1-03-auth-router-to-db.md": [
      {
        "type": "Secret Keyword",
        "filename": "prompts/github-issues/phase-1-03-auth-router-to-db.md",
        "hashed_secret": "1a91d62f7ca67399625a4368a6ab5d4a3baa6073",
        "is_verified": false,
        "line_number": 25
      }
    ]
  },
  "generated_at": "2026-08-19T17:50:34Z"
}
